Pipeline string:
nvarguscamerasrc sensor-id=0 exposuretimerange="2500000 2500000" awblock=true aelock=true tnr-mode=1 tnr-strength=0.1 ee-mode=0 saturation=1 ! video/x-raw(memory:NVMM),width=4032,height=3040,framerate=21/1,format=NV12 ! nvvidconv bl-output=false ! video/x-raw,format=NV12,width=4032,height=3040,framerate=21/1 ! identity name=proc ! nvvidconv ! video/x-raw(memory:NVMM),width=1280,height=960 ! nvegltransform ! nveglglessink sync=false

GST_ARGUS: NvArgusCameraSrc: Setting Exposure Time Range : 2500000 2500000
Chromatic segmentation live preview (version 0.1.3)
GPU processing: 4032x3040 (full camera resolution)
Display: 1280x960 (4:3)
Sensor ID: 0
Framerate: 21/1
TNR mode: 1
TNR strength: 0.1
EE mode: 0
Exposure time: 2500000 ns
Delta: 10%
Benchmarking enabled
Debug mode enabled
Press ENTER or close the window to stop.

Using winsys: x11 
GST_ARGUS: Creating output stream
CONSUMER: Waiting until producer is connected...
GST_ARGUS: Available Sensor modes :
GST_ARGUS: 4032 x 3040 FR = 21.000000 fps Duration = 47619048 ; Analog Gain range min 1.000000, max 22.250000; Exposure Range min 13000, max 683709000;

GST_ARGUS: 3840 x 2160 FR = 29.999999 fps Duration = 33333334 ; Analog Gain range min 1.000000, max 22.250000; Exposure Range min 13000, max 683709000;

GST_ARGUS: 1920 x 1080 FR = 59.999999 fps Duration = 16666667 ; Analog Gain range min 1.000000, max 22.250000; Exposure Range min 13000, max 683709000;

GST_ARGUS: Running with following settings:
   Camera index = 0 
   Camera mode  = 0 
   Output Stream W = 4032 H = 3040 
   seconds to Run    = 0 
   Frame Rate = 21.000000 
GST_ARGUS: Setup Complete, Starting captures for 0 seconds
GST_ARGUS: Starting repeat capture requests.
CONSUMER: Producer has connected; continuing.
Median BGR (full-res): B=89  G=132  R=145  (delta=10%)
[chrseg] avg 35.6 ms  (min 13.7, max 256.0) ? 28.1 fps
[chrseg] avg 28.4 ms  (min 16.4, max 29.6) ? 35.2 fps
[chrseg] avg 29.4 ms  (min 29.3, max 29.5) ? 34.0 fps
[chrseg] avg 29.2 ms  (min 17.1, max 33.8) ? 34.3 fps
[chrseg] avg 29.0 ms  (min 17.1, max 33.6) ? 34.5 fps
[chrseg] avg 29.4 ms  (min 29.0, max 29.7) ? 34.0 fps
[chrseg] avg 29.2 ms  (min 28.4, max 29.6) ? 34.2 fps
[chrseg] avg 29.4 ms  (min 29.0, max 29.6) ? 34.0 fps
[chrseg] avg 29.3 ms  (min 28.5, max 33.6) ? 34.2 fps
[chrseg] avg 29.5 ms  (min 28.5, max 33.9) ? 33.9 fps
[chrseg] avg 29.5 ms  (min 29.3, max 31.2) ? 33.9 fps
[chrseg] avg 31.5 ms  (min 18.1, max 54.6) ? 31.7 fps

[chrseg] FINAL  avg 30.8 ms  (min 18.1, max 44.4) ? 32.5 fps  (365 frames)
GST_ARGUS: Cleaning up
CONSUMER: Done Success
GST_ARGUS: Done Success
