Pipeline string:
nvarguscamerasrc sensor-id=0 exposuretimerange="2500000 2500000" awblock=true aelock=true tnr-mode=1 tnr-strength=0.1 ee-mode=0 saturation=1 ! video/x-raw(memory:NVMM),width=4032,height=3040,framerate=21/1,format=NV12 ! nvvidconv bl-output=false ! video/x-raw,format=NV12,width=4032,height=3040,framerate=21/1 ! identity name=proc ! nvvidconv ! video/x-raw(memory:NVMM),width=1280,height=960 ! nvegltransform ! nveglglessink sync=false

GST_ARGUS: NvArgusCameraSrc: Setting Exposure Time Range : 2500000 2500000
Chromatic segmentation live preview (version 0.1.1)
Display: 1280x960 (4:3)
Processing: full resolution (4032x3040)
Sensor ID: 0
Framerate: 21/1
TNR mode: 1
TNR strength: 0.1
EE mode: 0
Exposure time: 2500000 ns
Delta: 10%
Benchmarking enabled
Press ENTER or close the window to stop.

Using winsys: x11 
GST_ARGUS: Creating output stream
CONSUMER: Waiting until producer is connected...
GST_ARGUS: Available Sensor modes :
GST_ARGUS: 4032 x 3040 FR = 21.000000 fps Duration = 47619048 ; Analog Gain range min 1.000000, max 22.250000; Exposure Range min 13000, max 683709000;

GST_ARGUS: 3840 x 2160 FR = 29.999999 fps Duration = 33333334 ; Analog Gain range min 1.000000, max 22.250000; Exposure Range min 13000, max 683709000;

GST_ARGUS: 1920 x 1080 FR = 59.999999 fps Duration = 16666667 ; Analog Gain range min 1.000000, max 22.250000; Exposure Range min 13000, max 683709000;

GST_ARGUS: Running with following settings:
   Camera index = 0 
   Camera mode  = 0 
   Output Stream W = 4032 H = 3040 
   seconds to Run    = 0 
   Frame Rate = 21.000000 
GST_ARGUS: Setup Complete, Starting captures for 0 seconds
GST_ARGUS: Starting repeat capture requests.
CONSUMER: Producer has connected; continuing.
[chrseg] avg 127.8 ms  (min 112.0, max 457.0) ? 7.8 fps
[chrseg] avg 116.7 ms  (min 112.0, max 123.0) ? 8.6 fps
[chrseg] avg 114.9 ms  (min 111.0, max 119.0) ? 8.7 fps
[chrseg] avg 116.6 ms  (min 112.0, max 127.0) ? 8.6 fps
[chrseg] avg 115.1 ms  (min 109.0, max 121.0) ? 8.7 fps
[chrseg] avg 117.1 ms  (min 113.0, max 125.0) ? 8.5 fps
[chrseg] avg 115.6 ms  (min 111.0, max 121.0) ? 8.7 fps
[chrseg] avg 116.1 ms  (min 112.0, max 126.0) ? 8.6 fps
[chrseg] avg 116.6 ms  (min 112.0, max 124.0) ? 8.6 fps
[chrseg] avg 115.6 ms  (min 110.0, max 121.0) ? 8.7 fps
[chrseg] avg 116.4 ms  (min 112.0, max 123.0) ? 8.6 fps

[chrseg] FINAL  avg 116.6 ms  (min 112.0, max 127.0) ? 8.6 fps  (336 frames)
GST_ARGUS: Cleaning up
CONSUMER: Done Success
GST_ARGUS: Done Success
